ID void
ID main
PAREN (
PAREN )
BRACE {
VARIABLE int
ID a
ASSIGN =
INT 5
TERM ;
VARIABLE int
ID b
ASSIGN =
INT 3
TERM ;
VARIABLE int
ID c
TERM ;
ID c
ASSIGN =
ID a
OPERATOR *
ID b
TERM ;
ID c
ASSIGN =
ID a
OPERATOR *
ID b
TERM ;
ID c
ASSIGN =
ID a
OPERATOR *
ID b
TERM ;
ID c
ASSIGN =
ID a
OPERATOR *
ID b
TERM ;
ID c
ASSIGN =
ID a
OPERATOR *
ID b
TERM ;
ID c
ASSIGN =
ID a
OPERATOR *
ID b
TERM ;
ID c
ASSIGN =
ID a
OPERATOR *
ID b
TERM ;
ID c
ASSIGN =
ID a
OPERATOR *
ID b
TERM ;
ID c
ASSIGN =
ID a
OPERATOR *
ID b
TERM ;
ID c
ASSIGN =
ID a
OPERATOR *
ID b
TERM ;
ID c
ASSIGN =
ID a
OPERATOR *
ID b
TERM ;
ID c
ASSIGN =
ID a
OPERATOR *
ID b
TERM ;
ID c
ASSIGN =
ID a
OPERATOR /
ID b
TERM ;
ID c
ASSIGN =
ID a
OPERATOR /
ID b
TERM ;
ID c
ASSIGN =
ID a
OPERATOR /
ID b
TERM ;
ID c
ASSIGN =
ID a
OPERATOR /
ID b
TERM ;
ID c
ASSIGN =
ID a
OPERATOR /
ID b
TERM ;
ID c
ASSIGN =
ID a
OPERATOR /
ID b
TERM ;
ID c
ASSIGN =
ID a
OPERATOR /
ID b
TERM ;
ID c
ASSIGN =
ID a
OPERATOR /
ID b
TERM ;
ID c
ASSIGN =
ID a
OPERATOR /
ID b
TERM ;
ID c
ASSIGN =
ID a
OPERATOR /
ID b
TERM ;
ID c
ASSIGN =
ID a
OPERATOR /
ID b
TERM ;
ID c
ASSIGN =
ID a
OPERATOR /
ID b
TERM ;
ID c
ASSIGN =
ID a
OPERATOR +
ID b
TERM ;
ID c
ASSIGN =
ID a
OPERATOR +
ID b
TERM ;
ID c
ASSIGN =
ID a
OPERATOR +
ID b
TERM ;
ID c
ASSIGN =
ID a
OPERATOR +
ID b
TERM ;
ID c
ASSIGN =
ID a
OPERATOR +
ID b
TERM ;
ID c
ASSIGN =
ID a
OPERATOR +
ID b
TERM ;
ID c
ASSIGN =
ID a
OPERATOR +
ID b
TERM ;
ID c
ASSIGN =
ID a
OPERATOR +
ID b
TERM ;
ID c
ASSIGN =
ID a
OPERATOR +
ID b
TERM ;
ID c
ASSIGN =
ID a
OPERATOR +
ID b
TERM ;
ID c
ASSIGN =
ID a
OPERATOR +
ID b
TERM ;
ID c
ASSIGN =
ID a
OPERATOR +
ID b
TERM ;
ID c
ASSIGN =
ID a
OPERATOR -
ID b
TERM ;
ID c
ASSIGN =
ID a
OPERATOR -
ID b
TERM ;
ID c
ASSIGN =
ID a
OPERATOR -
ID b
TERM ;
ID c
ASSIGN =
ID a
OPERATOR -
ID b
TERM ;
ID c
ASSIGN =
ID a
OPERATOR -
ID b
TERM ;
ID c
ASSIGN =
ID a
OPERATOR -
ID b
TERM ;
ID c
ASSIGN =
ID a
OPERATOR -
ID b
TERM ;
ID c
ASSIGN =
ID a
OPERATOR -
ID b
TERM ;
ID c
ASSIGN =
ID a
OPERATOR -
ID b
TERM ;
ID c
ASSIGN =
ID a
OPERATOR -
ID b
TERM ;
ID c
ASSIGN =
ID a
OPERATOR -
ID b
TERM ;
ID c
ASSIGN =
ID a
OPERATOR -
ID b
TERM ;
BRACE }
