VARIABLE int
ID main
PAREN (
PAREN )
BRACE {
VARIABLE bool
ID a
ASSIGN =
LOGIC true
TERM ;
VARIABLE bool
ID a
ASSIGN =
LOGIC true
TERM ;
VARIABLE bool
ID c
ASSIGN =
LOGIC false
TERM ;
VARIABLE bool
ID d
ASSIGN =
LOGIC false
TERM ;
KEYWORD return
INT 0
TERM ;
BRACE }
