ID void
ID main
PAREN (
PAREN )
BRACE {
VARIABLE float
ID a
ASSIGN =
FLOAT 0.0
TERM ;
VARIABLE float
ID b
ASSIGN =
FLOAT 0.0123456789
TERM ;
VARIABLE float
ID c
ASSIGN =
FLOAT 0.0000000001
TERM ;
VARIABLE float
ID d
ASSIGN =
FLOAT 1.0
TERM ;
VARIABLE float
ID e
ASSIGN =
FLOAT 1234567890.0
TERM ;
VARIABLE float
ID f
ASSIGN =
FLOAT 1.0123456789
TERM ;
VARIABLE float
ID g
ASSIGN =
FLOAT 1.0000000001
TERM ;
VARIABLE float
ID h
ASSIGN =
FLOAT 0.0
TERM ;
VARIABLE float
ID i
ASSIGN =
FLOAT 0.0123456789
TERM ;
VARIABLE float
ID j
ASSIGN =
FLOAT 0.0000000001
TERM ;
VARIABLE float
ID k
ASSIGN =
FLOAT 1.0
TERM ;
VARIABLE float
ID l
ASSIGN =
FLOAT 1234567890.0
TERM ;
VARIABLE float
ID m
ASSIGN =
FLOAT 1.0123456789
TERM ;
VARIABLE float
ID n
ASSIGN =
FLOAT 1.0000000001
TERM ;
VARIABLE float
ID o
ASSIGN =
FLOAT 0.0
TERM ;
VARIABLE float
ID p
ASSIGN =
FLOAT 0.0123456789
TERM ;
VARIABLE float
ID q
ASSIGN =
FLOAT 0.0000000001
TERM ;
VARIABLE float
ID r
ASSIGN =
FLOAT 1.0
TERM ;
VARIABLE float
ID s
ASSIGN =
FLOAT 1234567890.0
TERM ;
VARIABLE float
ID t
ASSIGN =
FLOAT 1.0123456789
TERM ;
VARIABLE float
ID u
ASSIGN =
FLOAT 1.0000000001
TERM ;
BRACE }
