ID void
ID main
PAREN (
PAREN )
BRACE {
VARIABLE int
ID a
ASSIGN =
INT 0
TERM ;
VARIABLE int
ID b
ASSIGN =
INT 1
TERM ;
VARIABLE int
ID c
ASSIGN =
INT 1234567890987654321
TERM ;
VARIABLE int
ID d
ASSIGN =
INT -1
TERM ;
VARIABLE int
ID f
ASSIGN =
INT -1234567890987654321
TERM ;
VARIABLE int
ID g
ASSIGN =
INT 0
TERM ;
VARIABLE int
ID h
ASSIGN =
INT 1
TERM ;
VARIABLE int
ID i
ASSIGN =
INT 1234567890987654321
TERM ;
VARIABLE int
ID j
ASSIGN =
INT -1
TERM ;
VARIABLE int
ID k
ASSIGN =
INT -1234567890987654321
TERM ;
VARIABLE int
ID l
ASSIGN =
INT 0
TERM ;
VARIABLE int
ID m
ASSIGN =
INT 1
TERM ;
VARIABLE int
ID n
ASSIGN =
INT 1234567890987654321
TERM ;
VARIABLE int
ID o
ASSIGN =
INT -1
TERM ;
VARIABLE int
ID p
ASSIGN =
INT -1234567890987654321
TERM ;
BRACE }
